// Jest Snapshot v1, https://goo.gl/fbAQLP

exports[`Pruebas en el componente <Navbar /> debe mostrarse correctamente 1`] = `
<header
  className="p-3 bg-dark text-white"
>
  <div
    className="container"
  >
    <div
      className="d-flex flex-wrap align-items-center justify-content-center justify-content-lg-start"
    >
      <a
        className="d-flex align-items-center mb-2 mb-lg-0 text-white text-decoration-none me-0 me-md-4"
        href="/home"
        onClick={[Function]}
      >
        <span
          className="fs-4"
        >
          Heroes App
        </span>
      </a>
      <ul
        className="nav col-12 col-lg-auto me-lg-auto mb-2 justify-content-center mb-md-0"
      >
        <li>
          <a
            aria-current="page"
            className="nav-link px-2 text-secondary"
            href="/home"
            onClick={[Function]}
          >
            Home
          </a>
        </li>
        <li>
          <a
            className="nav-link px-2 text-white"
            href="/marvel"
            onClick={[Function]}
          >
            Marvel
          </a>
        </li>
        <li>
          <a
            className="nav-link px-2 text-white"
            href="/dc"
            onClick={[Function]}
          >
            Dc
          </a>
        </li>
      </ul>
      <div
        className="text-end"
      >
        <span
          className="me-4"
        >
          Name
        </span>
        <button
          className="btn btn-outline-light me-2"
          onClick={[Function]}
          type="button"
        >
          Logout
        </button>
      </div>
    </div>
  </div>
</header>
`;
